// Jest Snapshot v1, https://goo.gl/fbAQLP

exports[`formats coordinate in latlon-dd format 1`] = `"<div id="coords-panel" class="wv-coords-map wv-coords-map-btn"><span class="map-coord">0.0000°, 0.0000°</span><div class="map-coord-format"><span class="map-coord">EPSG:4326</span><div aria-label="Change coordinates format" class="coord-btn"><i class="coord-switch"></i></div></div></div>"`;

exports[`formats coordinate in latlon-dm format 1`] = `"<div id="coords-panel" class="wv-coords-map wv-coords-map-btn"><span class="map-coord"> 0°00.000'N,   0°00.000'E</span><div class="map-coord-format"><span class="map-coord">EPSG:4326</span><div aria-label="Change coordinates format" class="coord-btn"><i class="coord-switch"></i></div></div></div>"`;

exports[`formats coordinate in latlon-dms format 1`] = `"<div id="coords-panel" class="wv-coords-map wv-coords-map-btn"><span class="map-coord"> 0°00'00"N,   0°00'00"E</span><div class="map-coord-format"><span class="map-coord">EPSG:4326</span><div aria-label="Change coordinates format" class="coord-btn"><i class="coord-switch"></i></div></div></div>"`;
